<html>
<body>
<pre>
<h1>µVision Build Log</h1>
<h2>Project:</h2>
F:\temp\STM32\STM32_project\proj00_test\proj00_test.uvproj
Project File Date:  03/14/2017

<h2>Output:</h2>
compiling led.c...
USER\my_APP_lib\led.c - 0 Error(s), 0 Warning(s).
compiling led.c...
USER\my_APP_lib\led.c - 0 Error(s), 0 Warning(s).
compiling led.c...
USER\my_APP_lib\led.c - 0 Error(s), 0 Warning(s).
compiling led.c...
USER\my_APP_lib\led.c - 0 Error(s), 0 Warning(s).
Build target 'Target 1'
compiling core_cm3.c...
compiling system_stm32f10x.c...
assembling startup_stm32f10x_hd.s...
compiling misc.c...
compiling stm32f10x_adc.c...
compiling stm32f10x_bkp.c...
compiling stm32f10x_can.c...
compiling stm32f10x_cec.c...
compiling stm32f10x_crc.c...
compiling stm32f10x_dac.c...
compiling stm32f10x_dbgmcu.c...
compiling stm32f10x_dma.c...
compiling stm32f10x_exti.c...
compiling stm32f10x_flash.c...
compiling stm32f10x_fsmc.c...
compiling stm32f10x_gpio.c...
compiling stm32f10x_i2c.c...
compiling stm32f10x_iwdg.c...
compiling stm32f10x_pwr.c...
compiling stm32f10x_rcc.c...
compiling stm32f10x_rtc.c...
compiling stm32f10x_sdio.c...
compiling stm32f10x_spi.c...
compiling stm32f10x_tim.c...
compiling stm32f10x_usart.c...
compiling stm32f10x_wwdg.c...
compiling main.c...
USER\main.c(3): error:  #5: cannot open source input file "led.h": No such file or directory
compiling stm32f10x_it.c...
compiling usart.c...
compiling delay.c...
compiling timerx.c...
Target not created
compiling main.c...
USER\main.c(3): error:  #5: cannot open source input file "led.h": No such file or directory
USER\main.c - 1 Error(s), 0 Warning(s).
compiling main.c...
USER\main.c(3): error:  #5: cannot open source input file "led.h": No such file or directory
USER\main.c - 1 Error(s), 0 Warning(s).
compiling main.c...
USER\main.c(10): warning:  #223-D: function "delay_init" declared implicitly
USER\main.c(14): warning:  #223-D: function "delay_ms" declared implicitly
USER\main.c - 0 Error(s), 2 Warning(s).
compiling uart.c...
USER\my_APP_lib\uart.c - 0 Error(s), 0 Warning(s).
compiling main.c...
USER\main.c(10): warning:  #223-D: function "delay_init" declared implicitly
USER\main.c(14): warning:  #223-D: function "delay_ms" declared implicitly
USER\main.c - 0 Error(s), 2 Warning(s).
Build target 'Target 1'
compiling core_cm3.c...
compiling system_stm32f10x.c...
compiling misc.c...
compiling stm32f10x_adc.c...
compiling stm32f10x_bkp.c...
compiling stm32f10x_can.c...
compiling stm32f10x_cec.c...
compiling stm32f10x_crc.c...
compiling stm32f10x_dac.c...
compiling stm32f10x_dbgmcu.c...
compiling stm32f10x_dma.c...
compiling stm32f10x_exti.c...
compiling stm32f10x_flash.c...
compiling stm32f10x_fsmc.c...
compiling stm32f10x_gpio.c...
compiling stm32f10x_i2c.c...
compiling stm32f10x_iwdg.c...
compiling stm32f10x_pwr.c...
compiling stm32f10x_rcc.c...
compiling stm32f10x_rtc.c...
compiling stm32f10x_sdio.c...
compiling stm32f10x_spi.c...
compiling stm32f10x_tim.c...
compiling stm32f10x_usart.c...
compiling stm32f10x_wwdg.c...
compiling stm32f10x_it.c...
compiling delay.c...
compiling led.c...
compiling timerx.c...
linking...
Program Size: Code=6896 RO-data=336 RW-data=48 ZI-data=1632  
FromELF: creating hex file...
".\OBJ\proj00_test.axf" - 0 Error(s), 0 Warning(s).
Load "F:\\temp\\STM32\\STM32_project\\proj00_test\\OBJ\\proj00_test.AXF" 
Set JLink Project File to "F:\temp\STM32\STM32_project\proj00_test\JLinkSettings.ini"
* JLink Info: Device "STM32F103ZE" selected (512 KB flash, 64 KB RAM).
 
JLink info:
------------
DLL: V4.54a, compiled Sep 17 2012 15:58:45
Firmware: J-Link ARM V8 compiled Nov 14 2012 22:34:52
Hardware: V8.00
S/N : 799713843 
Feature(s) : RDI,FlashDL,FlashBP,JFlash,GDBFULL 
 
* JLink Info: TotalIRLen = 9, IRPrint = 0x0011
* JLink Info: TotalIRLen = 9, IRPrint = 0x0011
* JLink Info: Found Cortex-M3 r1p1, Little endian.
* JLink Info: TPIU fitted.
* JLink Info: ETM fitted.
* JLink Info: FPUnit: 6 code (BP) slots and 2 literal slots
ROMTableAddr = 0xE00FF003
* JLink Info: Found Cortex-M3 r1p1, Little endian.
* JLink Info: TPIU fitted.
* JLink Info: ETM fitted.
* JLink Info: FPUnit: 6 code (BP) slots and 2 literal slots
 
Target info:
------------
Device: STM32F103ZE
VTarget = 3.313V
State of Pins: 
TCK: 1, TDI: 0, TDO: 0, TMS: 0, TRES: 1, TRST: 1
Hardware-Breakpoints: 6
Software-Breakpoints: 8192
Watchpoints:          4
JTAG speed: 2000 kHz
 
Erase Done.
Programming Done.
Verify OK.
* JLink Info: Found Cortex-M3 r1p1, Little endian.
* JLink Info: TPIU fitted.
* JLink Info: ETM fitted.
* JLink Info: FPUnit: 6 code (BP) slots and 2 literal slots
Application running ...
compiling main.c...
USER\main.c(10): warning:  #223-D: function "delay_init" declared implicitly
USER\main.c(14): warning:  #223-D: function "delay_ms" declared implicitly
USER\main.c(17): warning:  #188-D: enumerated type mixed with another type
USER\main.c - 0 Error(s), 3 Warning(s).
Build target 'Target 1'
linking...
Program Size: Code=6924 RO-data=336 RW-data=48 ZI-data=1632  
FromELF: creating hex file...
".\OBJ\proj00_test.axf" - 0 Error(s), 0 Warning(s).
compiling main.c...
USER\main.c(10): warning:  #223-D: function "delay_init" declared implicitly
USER\main.c(14): warning:  #223-D: function "delay_ms" declared implicitly
USER\main.c(17): warning:  #188-D: enumerated type mixed with another type
USER\main.c - 0 Error(s), 3 Warning(s).
compiling main.c...
USER\main.c(18): warning:  #188-D: enumerated type mixed with another type
USER\main.c - 0 Error(s), 1 Warning(s).
Build target 'Target 1'
linking...
Program Size: Code=6924 RO-data=336 RW-data=48 ZI-data=1632  
FromELF: creating hex file...
".\OBJ\proj00_test.axf" - 0 Error(s), 0 Warning(s).
Load "F:\\temp\\STM32\\STM32_project\\proj00_test\\OBJ\\proj00_test.AXF" 
Set JLink Project File to "F:\temp\STM32\STM32_project\proj00_test\JLinkSettings.ini"
* JLink Info: Device "STM32F103ZE" selected (512 KB flash, 64 KB RAM).
 
JLink info:
------------
DLL: V4.54a, compiled Sep 17 2012 15:58:45
Firmware: J-Link ARM V8 compiled Nov 14 2012 22:34:52
Hardware: V8.00
S/N : 799713843 
Feature(s) : RDI,FlashDL,FlashBP,JFlash,GDBFULL 
 
* JLink Info: TotalIRLen = 9, IRPrint = 0x0011
* JLink Info: TotalIRLen = 9, IRPrint = 0x0011
* JLink Info: Found Cortex-M3 r1p1, Little endian.
* JLink Info: TPIU fitted.
* JLink Info: ETM fitted.
* JLink Info: FPUnit: 6 code (BP) slots and 2 literal slots
ROMTableAddr = 0xE00FF003
* JLink Info: Found Cortex-M3 r1p1, Little endian.
* JLink Info: TPIU fitted.
* JLink Info: ETM fitted.
* JLink Info: FPUnit: 6 code (BP) slots and 2 literal slots
 
Target info:
------------
Device: STM32F103ZE
VTarget = 3.319V
State of Pins: 
TCK: 1, TDI: 0, TDO: 0, TMS: 0, TRES: 1, TRST: 1
Hardware-Breakpoints: 6
Software-Breakpoints: 8192
Watchpoints:          4
JTAG speed: 2000 kHz
 
Erase Done.
Programming Done.
Verify OK.
* JLink Info: Found Cortex-M3 r1p1, Little endian.
* JLink Info: TPIU fitted.
* JLink Info: ETM fitted.
* JLink Info: FPUnit: 6 code (BP) slots and 2 literal slots
Application running ...
Build target 'Target 1'
compiling main.c...
linking...
Program Size: Code=6932 RO-data=336 RW-data=48 ZI-data=1632  
FromELF: creating hex file...
".\OBJ\proj00_test.axf" - 0 Error(s), 0 Warning(s).
Load "F:\\temp\\STM32\\STM32_project\\proj00_test\\OBJ\\proj00_test.AXF" 
Set JLink Project File to "F:\temp\STM32\STM32_project\proj00_test\JLinkSettings.ini"
* JLink Info: Device "STM32F103ZE" selected (512 KB flash, 64 KB RAM).
 
JLink info:
------------
DLL: V4.54a, compiled Sep 17 2012 15:58:45
Firmware: J-Link ARM V8 compiled Nov 14 2012 22:34:52
Hardware: V8.00
S/N : 799713843 
Feature(s) : RDI,FlashDL,FlashBP,JFlash,GDBFULL 
 
* JLink Info: TotalIRLen = 9, IRPrint = 0x0011
* JLink Info: TotalIRLen = 9, IRPrint = 0x0011
* JLink Info: Found Cortex-M3 r1p1, Little endian.
* JLink Info: TPIU fitted.
* JLink Info: ETM fitted.
* JLink Info: FPUnit: 6 code (BP) slots and 2 literal slots
ROMTableAddr = 0xE00FF003
* JLink Info: Found Cortex-M3 r1p1, Little endian.
* JLink Info: TPIU fitted.
* JLink Info: ETM fitted.
* JLink Info: FPUnit: 6 code (BP) slots and 2 literal slots
 
Target info:
------------
Device: STM32F103ZE
VTarget = 3.319V
State of Pins: 
TCK: 1, TDI: 0, TDO: 0, TMS: 0, TRES: 1, TRST: 1
Hardware-Breakpoints: 6
Software-Breakpoints: 8192
Watchpoints:          4
JTAG speed: 2000 kHz
 
Erase Done.
Programming Done.
Verify OK.
* JLink Info: Found Cortex-M3 r1p1, Little endian.
* JLink Info: TPIU fitted.
* JLink Info: ETM fitted.
* JLink Info: FPUnit: 6 code (BP) slots and 2 literal slots
Application running ...
Build target 'Target 1'
compiling main.c...
linking...
Program Size: Code=6932 RO-data=336 RW-data=48 ZI-data=1632  
FromELF: creating hex file...
".\OBJ\proj00_test.axf" - 0 Error(s), 0 Warning(s).
Load "F:\\temp\\STM32\\STM32_project\\proj00_test\\OBJ\\proj00_test.AXF" 
Set JLink Project File to "F:\temp\STM32\STM32_project\proj00_test\JLinkSettings.ini"
* JLink Info: Device "STM32F103ZE" selected (512 KB flash, 64 KB RAM).
 
JLink info:
------------
DLL: V4.54a, compiled Sep 17 2012 15:58:45
Firmware: J-Link ARM V8 compiled Nov 14 2012 22:34:52
Hardware: V8.00
S/N : 799713843 
Feature(s) : RDI,FlashDL,FlashBP,JFlash,GDBFULL 
 
* JLink Info: TotalIRLen = 9, IRPrint = 0x0011
* JLink Info: TotalIRLen = 9, IRPrint = 0x0011
* JLink Info: Found Cortex-M3 r1p1, Little endian.
* JLink Info: TPIU fitted.
* JLink Info: ETM fitted.
* JLink Info: FPUnit: 6 code (BP) slots and 2 literal slots
ROMTableAddr = 0xE00FF003
* JLink Info: Found Cortex-M3 r1p1, Little endian.
* JLink Info: TPIU fitted.
* JLink Info: ETM fitted.
* JLink Info: FPUnit: 6 code (BP) slots and 2 literal slots
 
Target info:
------------
Device: STM32F103ZE
VTarget = 3.319V
State of Pins: 
TCK: 1, TDI: 0, TDO: 0, TMS: 0, TRES: 1, TRST: 1
Hardware-Breakpoints: 6
Software-Breakpoints: 8192
Watchpoints:          4
JTAG speed: 2000 kHz
 
Erase Done.
Programming Done.
Verify OK.
* JLink Info: Found Cortex-M3 r1p1, Little endian.
* JLink Info: TPIU fitted.
* JLink Info: ETM fitted.
* JLink Info: FPUnit: 6 code (BP) slots and 2 literal slots
Application running ...
