<html>
<body>
<pre>
<h1>µVision Build Log</h1>
<h2>Project:</h2>
I:\liuke\STM32\myData\STM32_project\proj02_capture\proj02_capture.uvproj
Project File Date:  03/09/2017

<h2>Output:</h2>
compiling main.c...
.\CMSIS\stm32f10x.h(96): error:  #35: #error directive: "Please select first the target STM32F10x device used in your application (in stm32f10x.h file)"
USER\main.c - 1 Error(s), 0 Warning(s).
Build target 'Target 1'
compiling core_cm3.c...
compiling system_stm32f10x.c...
assembling startup_stm32f10x_hd.s...
compiling misc.c...
compiling stm32f10x_adc.c...
compiling stm32f10x_bkp.c...
compiling stm32f10x_can.c...
compiling stm32f10x_cec.c...
compiling stm32f10x_crc.c...
compiling stm32f10x_dac.c...
compiling stm32f10x_dbgmcu.c...
compiling stm32f10x_dma.c...
compiling stm32f10x_exti.c...
compiling stm32f10x_flash.c...
compiling stm32f10x_fsmc.c...
compiling stm32f10x_gpio.c...
compiling stm32f10x_i2c.c...
compiling stm32f10x_iwdg.c...
compiling stm32f10x_pwr.c...
compiling stm32f10x_rcc.c...
compiling stm32f10x_rtc.c...
compiling stm32f10x_sdio.c...
compiling stm32f10x_spi.c...
compiling stm32f10x_tim.c...
compiling stm32f10x_usart.c...
compiling stm32f10x_wwdg.c...
compiling main.c...
USER\main.c(11): warning:  #1-D: last line of file ends without a newline
compiling stm32f10x_it.c...
linking...
Program Size: Code=724 RO-data=336 RW-data=24 ZI-data=1024  
FromELF: creating hex file...
".\OBJ\proj02_capture.axf" - 0 Error(s), 1 Warning(s).
Build target 'Target 1'
compiling main.c...
USER\main.c(14): error:  #136: struct "<unnamed>" has no field "GPIO_Pin"
USER\main.c(15): error:  #136: struct "<unnamed>" has no field "GPIO_Speed"
USER\main.c(16): error:  #136: struct "<unnamed>" has no field "GPIO_Mode"
USER\main.c(17): error:  #167: argument of type "GPIO_TypeDef *" is incompatible with parameter of type "GPIO_InitTypeDef *"
USER\main.c(52): warning:  #1-D: last line of file ends without a newline
compiling stm32f10x_it.c...
USER\stm32f10x_it.c(168): error: At end of source:  #67: expected a "}"
Target not created
Build target 'Target 1'
compiling main.c...
USER\main.c(13): error:  #167: argument of type "GPIO_InitTypeDef *" is incompatible with parameter of type "GPIO_TypeDef *"
USER\main.c(52): warning:  #1-D: last line of file ends without a newline
compiling stm32f10x_it.c...
USER\stm32f10x_it.c(168): error: At end of source:  #67: expected a "}"
Target not created
Build target 'Target 1'
compiling main.c...
USER\main.c(52): warning:  #1-D: last line of file ends without a newline
compiling stm32f10x_it.c...
USER\stm32f10x_it.c(168): error: At end of source:  #67: expected a "}"
Target not created
Build target 'Target 1'
compiling stm32f10x_it.c...
linking...
Program Size: Code=6468 RO-data=336 RW-data=44 ZI-data=1028  
FromELF: creating hex file...
".\OBJ\proj02_capture.axf" - 0 Error(s), 0 Warning(s).
Build target 'Target 1'
compiling main.c...
USER\main.c(53): warning:  #1-D: last line of file ends without a newline
linking...
Program Size: Code=6472 RO-data=336 RW-data=44 ZI-data=1028  
FromELF: creating hex file...
".\OBJ\proj02_capture.axf" - 0 Error(s), 1 Warning(s).
Build target 'Target 1'
compiling main.c...
USER\main.c(53): warning:  #1-D: last line of file ends without a newline
linking...
Program Size: Code=6472 RO-data=336 RW-data=44 ZI-data=1028  
FromELF: creating hex file...
".\OBJ\proj02_capture.axf" - 0 Error(s), 1 Warning(s).
Build target 'Target 1'
compiling main.c...
USER\main.c(53): warning:  #1-D: last line of file ends without a newline
linking...
Program Size: Code=6468 RO-data=336 RW-data=44 ZI-data=1028  
FromELF: creating hex file...
".\OBJ\proj02_capture.axf" - 0 Error(s), 1 Warning(s).
Build target 'Target 1'
linking...
Program Size: Code=6468 RO-data=336 RW-data=44 ZI-data=1028  
FromELF: creating hex file...
".\OBJ\proj02_capture.axf" - 0 Error(s), 0 Warning(s).
